Starting a Gradle Daemon, 1 busy and 2 stopped Daemons could not be reused, use --status for details
.\gradlew : Warning: SDK processing. This version only understands SDK XML versions up to 3 
but an SDK XML file of version 4 was encountered. This can happen if you use versions of 
Android Studio and the command-line tools that were released at different times.
In Zeile:1 Zeichen:1
+ .\gradlew compileDebugKotlin > build_output.txt 2>&1; Get-Content bui ...
+ ~~~~~~~~~~~~~~~~~~~~~~~~~~~~~~~~~~~~~~~~~~~~~~~~~~~~
    + CategoryInfo          : NotSpecified: (Warning: SDK pr...ifferent times.:String) [], Re 
   moteException
    + FullyQualifiedErrorId : NativeCommandError
 
> Task :app:checkKotlinGradlePluginConfigurationErrors SKIPPED
> Task :app:preBuild UP-TO-DATE
> Task :app:preDebugBuild UP-TO-DATE
> Task :app:generateDebugBuildConfig UP-TO-DATE
> Task :app:checkDebugAarMetadata UP-TO-DATE
> Task :app:generateDebugResValues UP-TO-DATE
> Task :app:processDebugGoogleServices FAILED

[Incubating] Problems report is available at: file:///C:/TimerApptest/build/reports/problems/problems-report.html

FAILURE: Build failed with an exception.

* What went wrong:
Execution failed for task ':app:processDebugGoogleServices'.
> File google-services.json is missing. 
  The Google Services Plugin cannot function without it. 
  Searched locations: C:\TimerApptest\app\src\debug\google-services.json, 
C:\TimerApptest\app\src\debug\google-services.json, 
C:\TimerApptest\app\src\google-services.json, 
C:\TimerApptest\app\src\debug\google-services.json, 
C:\TimerApptest\app\src\Debug\google-services.json, C:\TimerApptest\app\google-services.json

* Try:
> Run with --stacktrace option to get the stack trace.
> Run with --info or --debug option to get more log output.
> Run with --scan to get full insights.
> Get more help at https://help.gradle.org.

Deprecated Gradle features were used in this build, making it incompatible with Gradle 9.0.

You can use '--warning-mode all' to show the individual deprecation warnings and determine if they come from your own scripts or plugins.

For more on this, please refer to https://docs.gradle.org/8.13/userguide/command_line_interface.html#sec:command_line_warnings in the Gradle documentation.

BUILD FAILED in 24s
4 actionable tasks: 1 executed, 3 up-to-date
